// Jest Snapshot v1, https://goo.gl/fbAQLP

exports[`About.vue renders about screen 1`] = `
<div class="card">
  <div class="card-header bg-success h3">
    <fa icon="info-circle"></fa>&nbsp; About
  </div>
  <div class="card-body">
    Developed by Ben Coleman, 2018~2021<br><br> <b>App Version:</b> 1.8.5<br> <b>API Endpoint:</b> /api
  </div>
</div>
`;
