// Jest Snapshot v1, https://goo.gl/fbAQLP

exports[`Monitor.vue renders monitor dials 1`] = `
<div class="card">
  <div class="card-header bg-success h3">
    <fa icon="tachometer-alt"></fa>&nbsp; Monitoring
  </div>
  <div class="card-body">
    <!---->
    <!---->
    <b-container fluid="">
      <b-row align-h="around">
        <b-col md="">
          <dial-stub value="42" title="CPU Load" percentage="true"></dial-stub>
        </b-col>
        <b-col md="">
          <dial-stub value="50" title="Memory Used" percentage="true"></dial-stub>
        </b-col>
      </b-row>
      <b-row align-h="around">
        <b-col md="">
          <dial-stub value="60" title="Disk Used" percentage="true"></dial-stub>
        </b-col>
        <b-col md="">
          <dial-stub value="0" title="Net I/O"></dial-stub>
        </b-col>
      </b-row>
    </b-container>
  </div>
</div>
`;
